// Vitest Snapshot v1, https://vitest.dev/guide/snapshot.html

exports[`Message > renders correctly 1`] = `
<div
  class="flex flex-col gap-8"
  data-testid="message"
>
  <div
    class="flex items-center gap-4"
  >
    <div
      class="h-20 w-20 bg-accent rounded-full flex items-center justify-center text-slate-50 font-bold"
    >
      User
    </div>
    <p
      class="flex-1"
    >
      Hello
    </p>
  </div>
  <div
    class="flex items-center gap-4"
  >
    <div
      class="h-20 w-20 bg-info rounded-full flex items-center justify-center text-slate-50 font-bold"
    >
      AI
    </div>
    <p
      class="relative flex-1"
    >
      Hi
    </p>
  </div>
  <div
    class="flex justify-start pl-20 gap-2"
  >
    <button
      class="btn btn-sm btn-ghost"
      title="delete-button"
    >
      <svg
        aria-hidden="true"
        color="red"
        data-slot="icon"
        fill="currentColor"
        height="15"
        viewBox="0 0 16 16"
        width="15"
        xmlns="http://www.w3.org/2000/svg"
      >
        <path
          clip-rule="evenodd"
          d="M5 3.25V4H2.75a.75.75 0 0 0 0 1.5h.3l.815 8.15A1.5 1.5 0 0 0 5.357 15h5.285a1.5 1.5 0 0 0 1.493-1.35l.815-8.15h.3a.75.75 0 0 0 0-1.5H11v-.75A2.25 2.25 0 0 0 8.75 1h-1.5A2.25 2.25 0 0 0 5 3.25Zm2.25-.75a.75.75 0 0 0-.75.75V4h3v-.75a.75.75 0 0 0-.75-.75h-1.5ZM6.05 6a.75.75 0 0 1 .787.713l.275 5.5a.75.75 0 0 1-1.498.075l-.275-5.5A.75.75 0 0 1 6.05 6Zm3.9 0a.75.75 0 0 1 .712.787l-.275 5.5a.75.75 0 0 1-1.498-.075l.275-5.5a.75.75 0 0 1 .786-.711Z"
          fill-rule="evenodd"
        />
      </svg>
    </button>
    <button
      class="btn btn-sm btn-ghost"
      title="copy-to-clipboard"
    >
      <svg
        aria-hidden="true"
        color="#696969"
        data-slot="icon"
        fill="currentColor"
        height="15"
        viewBox="0 0 16 16"
        width="15"
        xmlns="http://www.w3.org/2000/svg"
      >
        <title>
          clipboard-document-icon
        </title>
        <path
          clip-rule="evenodd"
          d="M11.986 3H12a2 2 0 0 1 2 2v6a2 2 0 0 1-1.5 1.937v-2.523a2.5 2.5 0 0 0-.732-1.768L8.354 5.232A2.5 2.5 0 0 0 6.586 4.5H4.063A2 2 0 0 1 6 3h.014A2.25 2.25 0 0 1 8.25 1h1.5a2.25 2.25 0 0 1 2.236 2ZM10.5 4v-.75a.75.75 0 0 0-.75-.75h-1.5a.75.75 0 0 0-.75.75V4h3Z"
          fill-rule="evenodd"
        />
        <path
          d="M3 6a1 1 0 0 0-1 1v7a1 1 0 0 0 1 1h7a1 1 0 0 0 1-1v-3.586a1 1 0 0 0-.293-.707L7.293 6.293A1 1 0 0 0 6.586 6H3Z"
        />
      </svg>
    </button>
  </div>
</div>
`;
