// Vitest Snapshot v1, https://vitest.dev/guide/snapshot.html

exports[`Sidebar > renders correctly 1`] = `
<aside
  class="menu prose relative p-10 bg-base-300 flex flex-col"
>
  <h1
    class="text-3xl"
  >
    Chats
  </h1>
  <div
    class="pt-10 flex flex-col gap-6 overflow-auto h-5/6"
  >
    <button
      class="btn ghost"
      data-testid="create-chat-btn"
    >
      <svg
        aria-hidden="true"
        data-slot="icon"
        fill="currentColor"
        height="20"
        viewBox="0 0 16 16"
        width="20"
        xmlns="http://www.w3.org/2000/svg"
      >
        <path
          d="M8.75 3.75a.75.75 0 0 0-1.5 0v3.5h-3.5a.75.75 0 0 0 0 1.5h3.5v3.5a.75.75 0 0 0 1.5 0v-3.5h3.5a.75.75 0 0 0 0-1.5h-3.5v-3.5Z"
        />
      </svg>
      Create Chat
    </button>
    <dialog
      class="modal"
      data-testid="modal"
      id=":r0:"
    >
      <div
        class="modal-box"
      >
        <h1
          class="text-2xl font-bold"
        >
          Create Chat
        </h1>
        <form
          class="flex flex-col gap-4 mt-4"
          id="create-chat-form"
        >
          <div
            class="form-control"
          >
            <label
              for="name"
            >
              Name
            </label>
            <input
              class="input input-bordered"
              id="name"
              name="name"
              required=""
              type="text"
            />
          </div>
          <div
            class="form-control"
          >
            <label
              for="document"
            >
              Document
            </label>
            <input
              class="input file-input -ml-4 mt-2"
              id="document"
              name="document"
              required=""
              type="file"
            />
          </div>
        </form>
        <div
          class="modal-action"
        >
          <button
            class="btn btn-ghost"
            type="button"
          >
            Cancel
          </button>
          <button
            class="btn btn-primary"
            form="create-chat-form"
            type="submit"
          >
            Create
          </button>
        </div>
      </div>
    </dialog>
    <nav
      class="flex flex-col overflow-y-auto h-1/2"
    >
      <ul />
    </nav>
  </div>
  <div
    class="mt-auto flex gap-3 items-center"
  >
    <div>
      <p
        class="font-bold"
      >
        John Cena
      </p>
      <span
        class="text-gray-600 text-sm"
      >
        john@gmail.com
      </span>
      <span
        class="text-gray-600"
      />
    </div>
    <button
      class="btn btn-ghost"
      title="logout"
    >
      <svg
        aria-hidden="true"
        data-slot="icon"
        fill="currentColor"
        height="20"
        viewBox="0 0 16 16"
        width="20"
        xmlns="http://www.w3.org/2000/svg"
      >
        <path
          clip-rule="evenodd"
          d="M14 4.75A2.75 2.75 0 0 0 11.25 2h-3A2.75 2.75 0 0 0 5.5 4.75v.5a.75.75 0 0 0 1.5 0v-.5c0-.69.56-1.25 1.25-1.25h3c.69 0 1.25.56 1.25 1.25v6.5c0 .69-.56 1.25-1.25 1.25h-3c-.69 0-1.25-.56-1.25-1.25v-.5a.75.75 0 0 0-1.5 0v.5A2.75 2.75 0 0 0 8.25 14h3A2.75 2.75 0 0 0 14 11.25v-6.5Zm-9.47.47a.75.75 0 0 0-1.06 0L1.22 7.47a.75.75 0 0 0 0 1.06l2.25 2.25a.75.75 0 1 0 1.06-1.06l-.97-.97h7.19a.75.75 0 0 0 0-1.5H3.56l.97-.97a.75.75 0 0 0 0-1.06Z"
          fill-rule="evenodd"
        />
      </svg>
    </button>
  </div>
</aside>
`;
